{
    "next_folder_name": "nextfolder",
    "next_contents": "The next contents"
}
