Objects are not supported.

Output: OrderedDict([('a', 'The letter A'), ('b', 'The letter B'), ('c', 'The letter C')])
